83.149.9.216 - - [28/May/2014:16:13:42 -0500] "GET /presentations/logstash-monitorama-2013/images/kibana-search.png HTTP/1.1" 200 203023 "http://semicomplete.com/presentations/logstash-monitorama-2013/" "Mozilla/5.0 (Macintosh; Intel Mac OS X 10_9_1) AppleWebKit/537.36 (KHTML, like Gecko) Chrome/32.0.1700.77 Safari/537.36"
83.149.9.216 - - [28/May/2014:16:13:42 -0500] "GET /presentations/logstash-monitorama-2013/images/kibana-dashboard3.png HTTP/1.1" 200 171717 "http://semicomplete.com/presentations/logstash-monitorama-2013/" "Mozilla/5.0 (Macintosh; Intel Mac OS X 10_9_1) AppleWebKit/537.36 (KHTML, like Gecko) Chrome/32.0.1700.77 Safari/537.36"
83.149.9.216 - - [28/May/2014:16:13:44 -0500] "GET /presentations/logstash-monitorama-2013/plugin/highlight/highlight.js HTTP/1.1" 200 26185 "http://semicomplete.com/presentations/logstash-monitorama-2013/" "Mozilla/5.0 (Macintosh; Intel Mac OS X 10_9_1) AppleWebKit/537.36 (KHTML, like Gecko) Chrome/32.0.1700.77 Safari/537.36"
83.149.9.216 - - [28/May/2014:16:13:44 -0500] "GET /presentations/logstash-monitorama-2013/plugin/zoom-js/zoom.js HTTP/1.1" 200 7697 "http://semicomplete.com/presentations/logstash-monitorama-2013/" "Mozilla/5.0 (Macintosh; Intel Mac OS X 10_9_1) AppleWebKit/537.36 (KHTML, like Gecko) Chrome/32.0.1700.77 Safari/537.36"
83.149.9.216 - - [28/May/2014:16:13:45 -0500] "GET /presentations/logstash-monitorama-2013/plugin/notes/notes.js HTTP/1.1" 200 2892 "http://semicomplete.com/presentations/logstash-monitorama-2013/" "Mozilla/5.0 (Macintosh; Intel Mac OS X 10_9_1) AppleWebKit/537.36 (KHTML, like Gecko) Chrome/32.0.1700.77 Safari/537.36"
83.149.9.216 - - [28/May/2014:16:13:42 -0500] "GET /presentations/logstash-monitorama-2013/images/sad-medic.png HTTP/1.1" 200 430406 "http://semicomplete.com/presentations/logstash-monitorama-2013/" "Mozilla/5.0 (Macintosh; Intel Mac OS X 10_9_1) AppleWebKit/537.36 (KHTML, like Gecko) Chrome/32.0.1700.77 Safari/537.36"
83.149.9.216 - - [28/May/2014:16:13:45 -0500] "GET /presentations/logstash-monitorama-2013/css/fonts/Roboto-Bold.ttf HTTP/1.1" 200 38720 "http://semicomplete.com/presentations/logstash-monitorama-2 013/" "Mozilla/5.0 (Macintosh; Intel Mac OS X 10_9_1) AppleWebKit/537.36 (KHTML, like Gecko) Chrome/32.0.1700.77 Safari/537.36"
83.149.9.216 - - [28/May/2014:16:13:45 -0500] "GET /presentations/logstash-monitorama-2013/css/fonts/Roboto-Regular.ttf HTTP/1.1" 200 41820 "http://semicomplete.com/presentations/logstash-monitorama-2013/" "Mozilla/5.0 (Macintosh; Intel Mac OS X 10_9_1) AppleWebKit/537.36 (KHTML, like Gecko) Chrome/32.0.1700.77 Safari/537.36"
83.149.9.216 - - [28/May/2014:16:13:45 -0500] "GET /presentations/logstash-monitorama-2013/images/frontend-response-codes.png HTTP/1.1" 200 52878 "http://semicomplete.com/presentations/logstash-monitorama-2013/" "Mozilla/5.0 (Macintosh; Intel Mac OS X 10_9_1) AppleWebKit/537.36 (KHTML, like Gecko) Chrome/32.0.1700.77 Safari/537.36"
83.149.9.216 - - [28/May/2014:16:13:43 -0500] "GET /presentations/logstash-monitorama-2013/images/kibana-dashboard.png HTTP/1.1" 200 321631 "http://semicomplete.com/presentations/logstash-monitorama-2013/" "Mozilla/5.0 (Macintosh; Intel Mac OS X 10_9_1) AppleWebKit/537.36 (KHTML, like Gecko) Chrome/32.0.1700.77 Safari/537.36"
83.149.9.216 - - [28/May/2014:16:13:46 -0500] "GET /presentations/logstash-monitorama-2013/images/Dreamhost_logo.svg HTTP/1.1" 200 2126 "http://semicomplete.com/presentations/logstash-monitorama-2013/" "Mozilla/5.0 (Macintosh; Intel Mac OS X 10_9_1) AppleWebKit/537.36 (KHTML, like Gecko) Chrome/32.0.1700.77 Safari/537.36"
83.149.9.216 - - [28/May/2014:16:13:43 -0500] "GET /presentations/logstash-monitorama-2013/images/kibana-dashboard2.png HTTP/1.1" 200 394967 "http://semicomplete.com/presentations/logstash-monitorama-2013/" "Mozilla/5.0 (Macintosh; Intel Mac OS X 10_9_1) AppleWebKit/537.36 (KHTML, like Gecko) Chrome/32.0.1700.77 Safari/537.36"
83.149.9.216 - - [28/May/2014:16:13:46 -0500] "GET /presentations/logstash-monitorama-2013/images/apache-icon.gif HTTP/1.1" 200 8095 "http://semicomplete.com/presentations/logstash-monitorama-2013/" "Mozilla/5.0 (Macintosh; Intel Mac OS X 10_9_1) AppleWebKit/537.36 (KHTML, like Gecko) Chrome/32.0.1700.77 Safari/537.36"
83.149.9.216 - - [28/May/2014:16:13:46 -0500] "GET /presentations/logstash-monitorama-2013/images/nagios-sms5.png HTTP/1.1" 200 78075 "http://semicomplete.com/presentations/logstash-monitorama-2013/" "Mozilla/5.0 (Macintosh; Intel Mac OS X 10_9_1) AppleWebKit/537.36 (KHTML, like Gecko) Chrome/32.0.1700.77 Safari/537.36"
83.149.9.216 - - [28/May/2014:16:13:46 -0500] "GET /presentations/logstash-monitorama-2013/images/redis.png HTTP/1.1" 200 25230 "http://semicomplete.com/presentations/logstash-monitorama-2013/" "Mozilla/5.0 (Macintosh; Intel Mac OS X 10_9_1) AppleWebKit/537.36 (KHTML, like Gecko) Chrome/32.0.1700.77 Safari/537.36"
83.149.9.216 - - [28/May/2014:16:13:47 -0500] "GET /presentations/logstash-monitorama-2013/images/elasticsearch.png HTTP/1.1" 200 8026 "http://semicomplete.com/presentations/logstash-monitorama-2013/" "Mozilla/5.0 (Macintosh; Intel Mac OS X 10_9_1) AppleWebKit/537.36 (KHTML, like Gecko) Chrome/32.0.1700.77 Safari/537.36"
83.149.9.216 - - [28/May/2014:16:13:47 -0500] "GET /presentations/logstash-monitorama-2013/images/logstashbook.png HTTP/1.1" 200 54662 "http://semicomplete.com/presentations/logstash-monitorama-2013/" "Mozilla/5.0 (Macintosh; Intel Mac OS X 10_9_1) AppleWebKit/537.36 (KHTML, like Gecko) Chrome/32.0.1700.77 Safari/537.36"
83.149.9.216 - - [28/May/2014:16:13:47 -0500] "GET /presentations/logstash-monitorama-2013/images/github-contributions.png HTTP/1.1" 200 34245 "http://semicomplete.com/presentations/logstash-monitorama-2013/" "Mozilla/5.0 (Macintosh; Intel Mac OS X 10_9_1) AppleWebKit/537.36 (KHTML, like Gecko) Chrome/32.0.1700.77 Safari/537.36"
83.149.9.216 - - [28/May/2014:16:13:47 -0500] "GET /presentations/logstash-monitorama-2013/css/print/paper.css HTTP/1.1" 200 4254 "http://semicomplete.com/presentations/logstash-monitorama-2013/" "Mozilla/5.0 (Macintosh; Intel Mac OS X 10_9_1) AppleWebKit/537.36 (KHTML, like Gecko) Chrome/32.0.1700.77 Safari/537.36"
83.149.9.216 - - [28/May/2014:16:13:47 -0500] "GET /presentations/logstash-monitorama-2013/images/1983_delorean_dmc-12-pic-38289.jpeg HTTP/1.1" 200 220562 "http://semicomplete.com/presentations/logstash-monitorama-2013/" "Mozilla/5.0 (Macintosh; Intel Mac OS X 10_9_1) AppleWebKit/537.36 (KHTML, like Gecko) Chrome/32.0.1700.77 Safari/537.36"
83.149.9.216 - - [28/May/2014:16:13:46 -0500] "GET /presentations/logstash-monitorama-2013/images/simple-inputs-filters-outputs.jpg HTTP/1.1" 200 1168622 "http://semicomplete.com/presentations/logstash-monitorama-2013/" "Mozilla/5.0 (Macintosh; Intel Mac OS X 10_9_1) AppleWebKit/537.36 (KHTML, like Gecko) Chrome/32.0.1700.77 Safari/537.36"
83.149.9.216 - - [28/May/2014:16:13:46 -0500] "GET /presentations/logstash-monitorama-2013/images/tiered-outputs-to-inputs.jpg HTTP/1.1" 200 1079983 "http://semicomplete.com/presentations/logstash-monitorama-2013/" "Mozilla/5.0 (Macintosh; Intel Mac OS X 10_9_1) AppleWebKit/537.36 (KHTML, like Gecko) Chrome/32.0.1700.77 Safari/537.36"
83.149.9.216 - - [28/May/2014:16:13:53 -0500] "GET /favicon.ico HTTP/1.1" 200 3638 "-" "Mozilla/5.0 (Macintosh; Intel Mac OS X 10_9_1) AppleWebKit/537.36 (KHTML, like Gecko) Chrome/32.0.1700.77 Safari/537.36"
24.236.252.67 - - [28/May/2014:16:14:10 -0500] "GET /favicon.ico HTTP/1.1" 200 3638 "-" "Mozilla/5.0 (X11; Ubuntu; Linux x86_64; rv:26.0) Gecko/20100101 Firefox/26.0"
93.114.45.13 - - [28/May/2014:16:14:32 -0500] "GET /articles/dynamic-dns-with-dhcp/ HTTP/1.1" 200 18848 "http://www.google.ro/url?sa=t&rct=j&q=&esrc=s&source=web&cd=2&ved=0CCwQFjAB&url=http%3A%2F%2Fwww.semicomplete.com%2Farticles%2Fdynamic-dns-with-dhcp%2F&ei=W88AU4n9HOq60QXbv4GwBg&usg=AFQjCNEF1X4Rs52UYQyLiySTQxa97ozM4g&bvm=bv.61535280,d.d2k" "Mozilla/5.0 (X11; Linux x86_64; rv:25.0) Gecko/20100101 Firefox/25.0"
93.114.45.13 - - [28/May/2014:16:14:32 -0500] "GET /reset.css HTTP/1.1" 200 1015 "http://www.semicomplete.com/articles/dynamic-dns-with-dhcp/" "Mozilla/5.0 (X11; Linux x86_64; rv:25.0) Gecko/20100101 Firefox/25.0"
93.114.45.13 - - [28/May/2014:16:14:33 -0500] "GET /style2.css HTTP/1.1" 200 4877 "http://www.semicomplete.com/articles/dynamic-dns-with-dhcp/" "Mozilla/5.0 (X11; Linux x86_64; rv:25.0) Gecko/20100101 Firefox/25.0"
93.114.45.13 - - [28/May/2014:16:14:33 -0500] "GET /favicon.ico HTTP/1.1" 200 3638 "-" "Mozilla/5.0 (X11; Linux x86_64; rv:25.0) Gecko/20100101 Firefox/25.0"
93.114.45.13 - - [28/May/2014:16:14:33 -0500] "GET /images/jordan-80.png HTTP/1.1" 200 6146 "http://www.semicomplete.com/articles/dynamic-dns-with-dhcp/" "Mozilla/5.0 (X11; Linux x86_64; rv:25.0) Gecko/20100101 Firefox/25.0"
93.114.45.13 - - [28/May/2014:16:14:33 -0500] "GET /images/web/2009/banner.png HTTP/1.1" 200 52315 "http://www.semicomplete.com/style2.css" "Mozilla/5.0 (X11; Linux x86_64; rv:25.0) Gecko/20100101 Firefox/25.0"
66.249.73.135 - - [28/May/2014:16:15:03 -0500] "GET /blog/tags/ipv6 HTTP/1.1" 200 12251 "-" "Mozilla/5.0 (iPhone; CPU iPhone OS 6_0 like Mac OS X) AppleWebKit/536.26 (KHTML, like Gecko) Version/6.0 Mobile/10A5376e Safari/8536.25 (compatible; Googlebot/2.1; +http://www.google.com/bot.html)"
50.16.19.13 - - [28/May/2014:16:15:15 -0500] "GET /blog/tags/puppet?flav=rss20 HTTP/1.1" 200 14872 "http://www.semicomplete.com/blog/tags/puppet?flav=rss20" "Tiny Tiny RSS/1.11 (http://tt-rss.org/)"
66.249.73.185 - - [28/May/2014:16:15:23 -0500] "GET / HTTP/1.1" 200 37932 "-" "Mozilla/5.0 (compatible; Googlebot/2.1; +http://www.google.com/bot.html)"
110.136.166.128 - - [28/May/2014:16:16:11 -0500] "GET /projects/xdotool/ HTTP/1.1" 200 12292 "http://www.google.com/url?sa=t&rct=j&q=&esrc=s&source=web&cd=5&cad=rja&sqi=2&ved=0CFYQFjAE&url=http%3A%2F%2Fwww.semicomplete.com%2Fprojects%2Fxdotool%2F&ei=6cwAU_bRHo6urAeI0YD4Ag&usg=AFQjCNE3V_aCf3-gfNcbS924S6jZ6FqffA&bvm=bv.61535280,d.bmk" "Mozilla/5.0 (Windows NT 6.2; WOW64; rv:28.0) Gecko/20100101 Firefox/28.0"
46.105.14.53 - - [28/May/2014:16:16:17 -0500] "GET /blog/tags/puppet?flav=rss20 HTTP/1.1" 200 14872 "-" "UniversalFeedParser/4.2-pre-314-svn +http://feedparser.org/"
110.136.166.128 - - [28/May/2014:16:16:22 -0500] "GET /reset.css HTTP/1.1" 200 1015 "http://www.semicomplete.com/projects/xdotool/" "Mozilla/5.0 (Windows NT 6.2; WOW64; rv:28.0) Gecko/20100101 Firefox/28.0"
110.136.166.128 - - [28/May/2014:16:16:22 -0500] "GET /style2.css HTTP/1.1" 200 4877 "http://www.semicomplete.com/projects/xdotool/" "Mozilla/5.0 (Windows NT 6.2; WOW64; rv:28.0) Gecko/20100101 Firefox/28.0"
110.136.166.128 - - [28/May/2014:16:16:22 -0500] "GET /favicon.ico HTTP/1.1" 200 3638 "-" "Mozilla/5.0 (Windows NT 6.2; WOW64; rv:28.0) Gecko/20100101 Firefox/28.0"
110.136.166.128 - - [28/May/2014:16:16:22 -0500] "GET /images/jordan-80.png HTTP/1.1" 200 6146 "http://www.semicomplete.com/projects/xdotool/" "Mozilla/5.0 (Windows NT 6.2; WOW64; rv:28.0) Gecko/20100101 Firefox/28.0"
123.125.71.35 - - [28/May/2014:16:16:31 -0500] "GET /blog/tags/release HTTP/1.1" 200 40693 "-" "Mozilla/5.0 (compatible; Baiduspider/2.0; +http://www.baidu.com/search/spider.html)"
110.136.166.128 - - [28/May/2014:16:16:22 -0500] "GET /images/web/2009/banner.png HTTP/1.1" 200 52315 "http://www.semicomplete.com/style2.css" "Mozilla/5.0 (Windows NT 6.2; WOW64; rv:28.0) Gecko/20100101 Firefox/28.0"
50.150.204.184 - - [28/May/2014:16:17:06 -0500] "GET /images/googledotcom.png HTTP/1.1" 200 65748 "http://www.google.com/search?q=https//:google.com&source=lnms&tbm=isch&sa=X&ei=4-r8UvDrKZOgkQe7x4CICw&ved=0CAkQ_AUoAA&biw=320&bih=441" "Mozilla/5.0 (Linux; U; Android 4.0.4; en-us; LG-MS770 Build/IMM76I) AppleWebKit/534.30 (KHTML, like Gecko) Version/4.0 Mobile Safari/534.30"
207.241.237.225 - - [28/May/2014:16:17:35 -0500] "GET /blog/tags/examples HTTP/1.0" 200 9208 "http://www.semicomplete.com/blog/tags/C" "Mozilla/5.0 (compatible; archive.org_bot +http://www.archive.org/details/archive.org_bot)"
200.49.190.101 - - [28/May/2014:16:17:39 -0500] "GET /reset.css HTTP/1.1" 200 1015 "-" "-"
200.49.190.100 - - [28/May/2014:16:17:37 -0500] "GET /blog/tags/web HTTP/1.1" 200 44019 "-" "QS304 Profile/MIDP-2.0 Configuration/CLDC-1.1"
200.49.190.101 - - [28/May/2014:16:17:41 -0500] "GET /style2.css HTTP/1.1" 200 4877 "-" "-"
200.49.190.101 - - [28/May/2014:16:17:48 -0500] "GET /images/jordan-80.png HTTP/1.1" 200 6146 "-" "QS304 Profile/MIDP-2.0 Configuration/CLDC-1.1"
66.249.73.185 - - [28/May/2014:16:18:48 -0500] "GET /reset.css HTTP/1.1" 200 1015 "-" "Mozilla/5.0 (compatible; Googlebot/2.1; +http://www.google.com/bot.html)"
66.249.73.135 - - [28/May/2014:16:18:55 -0500] "GET /blog/tags/munin HTTP/1.1" 200 9746 "-" "Mozilla/5.0 (compatible; Googlebot/2.1; +http://www.google.com/bot.html)"
66.249.73.135 - - [28/May/2014:16:19:16 -0500] "GET /blog/tags/firefox?flav=rss20 HTTP/1.1" 200 16021 "-" "Mozilla/5.0 (compatible; Googlebot/2.1; +http://www.google.com/bot.html)"
66.249.73.135 - - [28/May/2014:16:20:03 -0500] "GET /blog/geekery/eventdb-ideas.html HTTP/1.1" 200 11418 "-" "Mozilla/5.0 (iPhone; CPU iPhone OS 6_0 like Mac OS X) AppleWebKit/536.26 (KHTML, like Gecko) Version/6.0 Mobile/10A5376e Safari/8536.25 (compatible; Googlebot/2.1; +http://www.google.com/bot.html)"
67.214.178.190 - - [28/May/2014:16:20:48 -0500] "GET / HTTP/1.0" 200 37932 "http://www.semicomplete.com/" "Mozilla/5.0 (Macintosh; Intel Mac OS X 10.7; rv:21.0) Gecko/20100101 Firefox/21.0"
67.214.178.190 - - [28/May/2014:16:20:59 -0500] "GET /blog/geekery/installing-windows-8-consumer-preview.html HTTP/1.0" 200 8948 "http://www.semicomplete.com/" "Mozilla/5.0 (Macintosh; Intel Mac OS X 10.7; rv:21.0) Gecko/20100101 Firefox/21.0"
207.241.237.220 - - [28/May/2014:16:21:16 -0500] "GET /blog/tags/projects HTTP/1.0" 200 28370 "http://www.semicomplete.com/blog/tags/C" "Mozilla/5.0 (compatible; archive.org_bot +http://www.archive.org/details/archive.org_bot)"
46.105.14.53 - - [28/May/2014:16:21:17 -0500] "GET /blog/tags/puppet?flav=rss20 HTTP/1.1" 200 14872 "-" "UniversalFeedParser/4.2-pre-314-svn +http://feedparser.org/"
207.241.237.227 - - [28/May/2014:16:21:19 -0500] "GET /blog/geekery/soekris-gpio.html HTTP/1.0" 200 9587 "http://www.semicomplete.com/blog/tags/C" "Mozilla/5.0 (compatible; archive.org_bot +http://www.archive.org/details/archive.org_bot)"
91.177.205.119 - - [28/May/2014:16:22:03 -0500] "GET /blog/geekery/xvfb-firefox.html HTTP/1.1" 200 10975 "http://en.wikipedia.org/wiki/Xvfb" "Mozilla/5.0 (compatible; MSIE 10.0; Windows NT 6.1; WOW64; Trident/6.0)"
91.177.205.119 - - [28/May/2014:16:22:03 -0500] "GET /reset.css HTTP/1.1" 200 1015 "http://semicomplete.com/blog/geekery/xvfb-firefox.html" "Mozilla/5.0 (compatible; MSIE 10.0; Windows NT 6.1; WOW64; Trident/6.0)"
91.177.205.119 - - [28/May/2014:16:22:03 -0500] "GET /style2.css HTTP/1.1" 200 4877 "http://semicomplete.com/blog/geekery/xvfb-firefox.html" "Mozilla/5.0 (compatible; MSIE 10.0; Windows NT 6.1; WOW64; Trident/6.0)"
91.177.205.119 - - [28/May/2014:16:22:03 -0500] "GET /images/jordan-80.png HTTP/1.1" 200 6146 "http://semicomplete.com/blog/geekery/xvfb-firefox.html" "Mozilla/5.0 (compatible; MSIE 10.0; Windows NT 6.1; WOW64; Trident/6.0)"
91.177.205.119 - - [28/May/2014:16:22:03 -0500] "GET /images/web/2009/banner.png HTTP/1.1" 200 52315 "http://semicomplete.com/blog/geekery/xvfb-firefox.html" "Mozilla/5.0 (compatible; MSIE 10.0; Windows NT 6.1; WOW64; Trident/6.0)"
91.177.205.119 - - [28/May/2014:16:22:04 -0500] "GET /favicon.ico HTTP/1.1" 200 3638 "-" "Mozilla/5.0 (compatible; MSIE 10.0; Windows NT 6.1; Win64; x64; Trident/6.0)"
66.249.73.185 - - [28/May/2014:16:22:13 -0500] "GET /doc/index.html?org/elasticsearch/action/search/SearchResponse.html HTTP/1.1" 404 294 "-" "Mozilla/5.0 (compatible; Googlebot/2.1; +http://www.google.com/bot.html)"
207.241.237.228 - - [28/May/2014:16:22:23 -0500] "GET /blog/tags/defcon HTTP/1.0" 200 24142 "http://www.semicomplete.com/blog/tags/C" "Mozilla/5.0 (compatible; archive.org_bot +http://www.archive.org/details/archive.org_bot)"
207.241.237.101 - - [28/May/2014:16:22:27 -0500] "GET /blog/tags/regex HTTP/1.0" 200 14888 "http://www.semicomplete.com/blog/tags/C" "Mozilla/5.0 (compatible; archive.org_bot +http://www.archive.org/details/archive.org_bot)"
87.169.99.232 - - [28/May/2014:16:23:41 -0500] "GET /presentations/puppet-at-loggly/puppet-at-loggly.pdf.html HTTP/1.1" 200 24747 "https://www.google.de/" "Mozilla/5.0 (Macintosh; Intel Mac OS X 10_9_1) AppleWebKit/537.36 (KHTML, like Gecko) Chrome/32.0.1700.107 Safari/537.36"
209.85.238.199 - - [28/May/2014:16:23:47 -0500] "GET /blog/tags/firefox?flav=rss20 HTTP/1.1" 200 16021 "-" "Feedfetcher-Google; (+http://www.google.com/feedfetcher.html; 3 subscribers; feed-id=14171215010336145331)"
209.85.238.199 - - [28/May/2014:16:24:00 -0500] "GET /test.xml HTTP/1.1" 200 1370 "-" "Feedfetcher-Google; (+http://www.google.com/feedfetcher.html; 1 subscribers; feed-id=11390274670024826467)"
81.220.24.207 - - [28/May/2014:16:24:57 -0500] "GET /blog/geekery/ssl-latency.html HTTP/1.1" 200 17147 "http://www.google.fr/url?sa=t&rct=j&q=&esrc=s&source=web&cd=5&ved=0CE4QFjAE&url=http%3A%2F%2Fwww.semicomplete.com%2Fblog%2Fgeekery%2Fssl-latency.html&ei=ZdEAU9mGGuWX1AW09IDoBw&usg=AFQjCNHw6zioJpizqX8Q0YpKKaF4zdCSEg&bvm=bv.61535280,d.d2k" "Mozilla/5.0 (Macintosh; Intel Mac OS X 10_9_1) AppleWebKit/537.73.11 (KHTML, like Gecko) Version/7.0.1 Safari/537.73.11"
81.220.24.207 - - [28/May/2014:16:24:57 -0500] "GET /reset.css HTTP/1.1" 200 1015 "http://www.semicomplete.com/blog/geekery/ssl-latency.html" "Mozilla/5.0 (Macintosh; Intel Mac OS X 10_9_1) AppleWebKit/537.73.11 (KHTML, like Gecko) Version/7.0.1 Safari/537.73.11"
81.220.24.207 - - [28/May/2014:16:24:57 -0500] "GET /images/jordan-80.png HTTP/1.1" 200 6146 "http://www.semicomplete.com/blog/geekery/ssl-latency.html" "Mozilla/5.0 (Macintosh; Intel Mac OS X 10_9_1) AppleWebKit/537.73.11 (KHTML, like Gecko) Version/7.0.1 Safari/537.73.11"
81.220.24.207 - - [28/May/2014:16:24:57 -0500] "GET /style2.css HTTP/1.1" 200 4877 "http://www.semicomplete.com/blog/geekery/ssl-latency.html" "Mozilla/5.0 (Macintosh; Intel Mac OS X 10_9_1) AppleWebKit/537.73.11 (KHTML, like Gecko) Version/7.0.1 Safari/537.73.11"
81.220.24.207 - - [28/May/2014:16:24:57 -0500] "GET /images/web/2009/banner.png HTTP/1.1" 200 52315 "http://www.semicomplete.com/blog/geekery/ssl-latency.html" "Mozilla/5.0 (Macintosh; Intel Mac OS X 10_9_1) AppleWebKit/537.73.11 (KHTML, like Gecko) Version/7.0.1 Safari/537.73.11"
81.220.24.207 - - [28/May/2014:16:24:58 -0500] "GET /favicon.ico HTTP/1.1" 200 3638 "http://www.semicomplete.com/blog/geekery/ssl-latency.html" "Mozilla/5.0 (Macintosh; Intel Mac OS X 10_9_1) AppleWebKit/537.73.11 (KHTML, like Gecko) Version/7.0.1 Safari/537.73.11"
66.249.73.135 - - [28/May/2014:16:25:05 -0500] "GET /blog/geekery/vmware-cpu-performance.html HTTP/1.1" 200 12908 "-" "Mozilla/5.0 (iPhone; CPU iPhone OS 6_0 like Mac OS X) AppleWebKit/536.26 (KHTML, like Gecko) Version/6.0 Mobile/10A5376e Safari/8536.25 (compatible; Googlebot/2.1; +http://www.google.com/bot.html)"
46.105.14.53 - - [28/May/2014:16:26:17 -0500] "GET /blog/tags/puppet?flav=rss20 HTTP/1.1" 200 14872 "-" "UniversalFeedParser/4.2-pre-314-svn +http://feedparser.org/"
218.30.103.62 - - [28/May/2014:16:27:05 -0500] "GET /robots.txt HTTP/1.1" 200 - "-" "Sogou web spider/4.0(+http://www.sogou.com/docs/help/webmasters.htm#07)"
218.30.103.62 - - [28/May/2014:16:27:10 -0500] "GET /robots.txt HTTP/1.1" 200 - "-" "Sogou web spider/4.0(+http://www.sogou.com/docs/help/webmasters.htm#07)"
218.30.103.62 - - [28/May/2014:16:27:15 -0500] "GET /projects/fex/ HTTP/1.1" 200 14352 "-" "Sogou web spider/4.0(+http://www.sogou.com/docs/help/webmasters.htm#07)"
74.125.40.20 - - [28/May/2014:16:27:22 -0500] "GET /?flav=rss20 HTTP/1.1" 200 29941 "-" "FeedBurner/1.0 (http://www.FeedBurner.com)"
71.212.224.97 - - [28/May/2014:16:27:34 -0500] "GET /projects/xdotool/ HTTP/1.1" 200 12292 "http://suckless.org/rocks" "Mozilla/5.0 (Macintosh; Intel Mac OS X 10_8_2) AppleWebKit/537.36 (KHTML, like Gecko) Chrome/32.0.1700.107 Safari/537.36"
71.212.224.97 - - [28/May/2014:16:27:34 -0500] "GET /reset.css HTTP/1.1" 200 1015 "http://www.semicomplete.com/projects/xdotool/" "Mozilla/5.0 (Macintosh; Intel Mac OS X 10_8_2) AppleWebKit/537.36 (KHTML, like Gecko) Chrome/32.0.1700.107 Safari/537.36"
71.212.224.97 - - [28/May/2014:16:27:35 -0500] "GET /style2.css HTTP/1.1" 200 4877 "http://www.semicomplete.com/projects/xdotool/" "Mozilla/5.0 (Macintosh; Intel Mac OS X 10_8_2) AppleWebKit/537.36 (KHTML, like Gecko) Chrome/32.0.1700.107 Safari/537.36"
71.212.224.97 - - [28/May/2014:16:27:35 -0500] "GET /images/jordan-80.png HTTP/1.1" 200 6146 "http://www.semicomplete.com/projects/xdotool/" "Mozilla/5.0 (Macintosh; Intel Mac OS X 10_8_2) AppleWebKit/537.36 (KHTML, like Gecko) Chrome/32.0.1700.107 Safari/537.36"
71.212.224.97 - - [28/May/2014:16:27:35 -0500] "GET /images/web/2009/banner.png HTTP/1.1" 200 52315 "http://www.semicomplete.com/projects/xdotool/" "Mozilla/5.0 (Macintosh; Intel Mac OS X 10_8_2) AppleWebKit/537.36 (KHTML, like Gecko) Chrome/32.0.1700.107 Safari/537.36"
218.30.103.62 - - [28/May/2014:16:27:36 -0500] "GET /projects/xdotool/xdotool.xhtml HTTP/1.1" 304 - "-" "Sogou web spider/4.0(+http://www.sogou.com/docs/help/webmasters.htm#07)"
108.174.55.234 - - [28/May/2014:16:27:45 -0500] "GET /?flav=rss20 HTTP/1.1" 200 29941 "-" "-"
218.30.103.62 - - [28/May/2014:16:27:57 -0500] "GET /blog/geekery/c-vs-python-bdb.html HTTP/1.1" 200 11388 "-" "Sogou web spider/4.0(+http://www.sogou.com/docs/help/webmasters.htm#07)"
121.107.188.202 - - [28/May/2014:16:27:57 -0500] "GET /presentations/logstash-monitorama-2013/images/kibana-dashboard3.png HTTP/1.1" 200 171717 "-" "Mozilla/5.0 (Macintosh; Intel Mac OS X 10_9_1) AppleWebKit/537.36 (KHTML, like Gecko) Chrome/32.0.1700.107 Safari/537.36"
218.30.103.62 - - [28/May/2014:16:28:21 -0500] "GET /blog/productivity/better-zsh-xterm-title-fix.html HTTP/1.1" 200 10185 "-" "Sogou web spider/4.0(+http://www.sogou.com/docs/help/webmasters.htm#07)"
218.30.103.62 - - [28/May/2014:16:28:43 -0500] "GET /blog/geekery/xvfb-firefox.html HTTP/1.1" 200 10975 "-" "Sogou web spider/4.0(+http://www.sogou.com/docs/help/webmasters.htm#07)"
218.30.103.62 - - [28/May/2014:16:29:06 -0500] "GET /blog/geekery/puppet-facts-into-mcollective.html HTTP/1.1" 200 9872 "-" "Sogou web spider/4.0(+http://www.sogou.com/docs/help/webmasters.htm#07)"
198.46.149.143 - - [28/May/2014:16:29:13 -0500] "GET /blog/geekery/disabling-battery-in-ubuntu-vms.html?utm_source=feedburner&utm_medium=feed&utm_campaign=Feed%3A+semicomplete%2Fmain+%28semicomplete.com+-+Jordan+Sissel%29 HTTP/1.1" 200 9316 "-" "Tiny Tiny RSS/1.11 (http://tt-rss.org/)"
198.46.149.143 - - [28/May/2014:16:29:13 -0500] "GET /blog/geekery/solving-good-or-bad-problems.html?utm_source=feedburner&utm_medium=feed&utm_campaign=Feed%3A+semicomplete%2Fmain+%28semicomplete.com+-+Jordan+Sissel%29 HTTP/1.1" 200 10756 "-" "Tiny Tiny RSS/1.11 (http://tt-rss.org/)"
218.30.103.62 - - [28/May/2014:16:29:26 -0500] "GET /blog/geekery/jquery-interface-puffer.html%20target= HTTP/1.1" 200 202 "-" "Sogou web spider/4.0(+http://www.sogou.com/docs/help/webmasters.htm#07)"
218.30.103.62 - - [28/May/2014:16:29:48 -0500] "GET /blog/geekery/ec2-reserved-vs-ondemand.html HTTP/1.1" 200 11834 "-" "Sogou web spider/4.0(+http://www.sogou.com/docs/help/webmasters.htm#07)"
66.249.73.135 - - [28/May/2014:16:30:06 -0500] "GET /blog/web/firefox-scrolling-fix.html HTTP/1.1" 200 8956 "-" "Mozilla/5.0 (iPhone; CPU iPhone OS 6_0 like Mac OS X) AppleWebKit/536.26 (KHTML, like Gecko) Version/6.0 Mobile/10A5376e Safari/8536.25 (compatible; Googlebot/2.1; +http://www.google.com/bot.html)"
86.1.76.62 - - [28/May/2014:16:30:37 -0500] "GET /projects/xdotool/ HTTP/1.1" 200 12292 "http://www.haskell.org/haskellwiki/Xmonad/Frequently_asked_questions" "Mozilla/5.0 (X11; Linux x86_64; rv:24.0) Gecko/20140205 Firefox/24.0 Iceweasel/24.3.0"
86.1.76.62 - - [28/May/2014:16:30:37 -0500] "GET /reset.css HTTP/1.1" 200 1015 "http://www.semicomplete.com/projects/xdotool/" "Mozilla/5.0 (X11; Linux x86_64; rv:24.0) Gecko/20140205 Firefox/24.0 Iceweasel/24.3.0"
86.1.76.62 - - [28/May/2014:16:30:37 -0500] "GET /style2.css HTTP/1.1" 200 4877 "http://www.semicomplete.com/projects/xdotool/" "Mozilla/5.0 (X11; Linux x86_64; rv:24.0) Gecko/20140205 Firefox/24.0 Iceweasel/24.3.0"
86.1.76.62 - - [28/May/2014:16:30:37 -0500] "GET /favicon.ico HTTP/1.1" 200 3638 "-" "Mozilla/5.0 (X11; Linux x86_64; rv:24.0) Gecko/20140205 Firefox/24.0 Iceweasel/24.3.0"
86.1.76.62 - - [28/May/2014:16:30:37 -0500] "GET /images/jordan-80.png HTTP/1.1" 200 6146 "http://www.semicomplete.com/projects/xdotool/" "Mozilla/5.0 (X11; Linux x86_64; rv:24.0) Gecko/20140205 Firefox/24.0 Iceweasel/24.3.0"
86.1.76.62 - - [28/May/2014:16:30:37 -0500] "GET /images/web/2009/banner.png HTTP/1.1" 200 52315 "http://www.semicomplete.com/style2.css" "Mozilla/5.0 (X11; Linux x86_64; rv:24.0) Gecko/20140205 Firefox/24.0 Iceweasel/24.3.0"
66.249.73.135 - - [28/May/2014:16:30:54 -0500] "GET /blog/tags/bdb HTTP/1.1" 200 23099 "-" "DoCoMo/2.0 N905i(c100;TB;W24H16) (compatible; Googlebot-Mobile/2.1; +http://www.google.com/bot.html)"
107.170.41.69 - - [28/May/2014:16:31:00 -0500] "GET /?flav=atom HTTP/1.1" 200 32352 "-" "Feedbin - 1 subscribers"
50.16.19.13 - - [28/May/2014:16:31:12 -0500] "GET /blog/tags/puppet?flav=rss20 HTTP/1.1" 200 14872 "http://www.semicomplete.com/blog/tags/puppet?flav=rss20" "Tiny Tiny RSS/1.11 (http://tt-rss.org/)"
46.105.14.53 - - [28/May/2014:16:31:19 -0500] "GET /blog/tags/puppet?flav=rss20 HTTP/1.1" 200 14872 "-" "UniversalFeedParser/4.2-pre-314-svn +http://feedparser.org/"
208.115.111.72 - - [28/May/2014:16:31:23 -0500] "GET /blog/rants/fedora-yum.html HTTP/1.1" 200 8328 "-" "Mozilla/5.0 (compatible; Ezooms/1.0; help@moz.com)"
208.115.111.72 - - [28/May/2014:16:31:34 -0500] "GET /blog/tags/grok HTTP/1.1" 200 30346 "-" "Mozilla/5.0 (compatible; Ezooms/1.0; help@moz.com)"
208.115.111.72 - - [28/May/2014:16:31:35 -0500] "GET /blog/tags/is%20it%20done%20yet HTTP/1.1" 200 10544 "-" "Mozilla/5.0 (compatible; Ezooms/1.0; help@moz.com)"
208.115.111.72 - - [28/May/2014:16:31:36 -0500] "GET /blog/tags/statistics HTTP/1.1" 200 29706 "-" "Mozilla/5.0 (compatible; Ezooms/1.0; help@moz.com)"
50.180.79.170 - - [28/May/2014:16:31:37 -0500] "GET /favicon.ico HTTP/1.1" 200 3638 "-" "Mozilla/5.0 (Macintosh; Intel Mac OS X 10.5; rv:16.0) Gecko/20100101 Firefox/16.0"
208.115.111.72 - - [28/May/2014:16:31:37 -0500] "GET /blog/tags/subversion HTTP/1.1" 200 12557 "-" "Mozilla/5.0 (compatible; Ezooms/1.0; help@moz.com)"
208.115.111.72 - - [28/May/2014:16:31:38 -0500] "GET /blog/web/194.html HTTP/1.1" 200 8251 "-" "Mozilla/5.0 (compatible; Ezooms/1.0; help@moz.com)"
208.115.111.72 - - [28/May/2014:16:31:40 -0500] "GET /files/blogposts/20070901/?C=D;O=A HTTP/1.1" 200 980 "-" "Mozilla/5.0 (compatible; Ezooms/1.0; help@moz.com)"
208.115.111.72 - - [28/May/2014:16:31:41 -0500] "GET /files/blogposts/20080109/boost_xpressive_test.cpp HTTP/1.1" 200 1533 "-" "Mozilla/5.0 (compatible; Ezooms/1.0; help@moz.com)"
208.115.111.72 - - [28/May/2014:16:31:46 -0500] "GET /files/blogposts/20090520/ HTTP/1.1" 200 966 "-" "Mozilla/5.0 (compatible; Ezooms/1.0; help@moz.com)"
208.115.111.72 - - [28/May/2014:16:31:46 -0500] "GET /files/fastsplit/?C=M;O=D HTTP/1.1" 200 958 "-" "Mozilla/5.0 (compatible; Ezooms/1.0; help@moz.com)"
208.115.111.72 - - [28/May/2014:16:31:47 -0500] "GET /files/xdotool/docs/man/?C=M;O=D HTTP/1.1" 200 959 "-" "Mozilla/5.0 (compatible; Ezooms/1.0; help@moz.com)"
208.115.111.72 - - [28/May/2014:16:31:57 -0500] "GET /scripts/python/wrap/?C=N;O=D HTTP/1.1" 200 2631 "-" "Mozilla/5.0 (compatible; Ezooms/1.0; help@moz.com)"
208.115.111.72 - - [28/May/2014:16:32:00 -0500] "GET /files/images/?C=S;O=D HTTP/1.1" 200 944 "-" "Mozilla/5.0 (compatible; Ezooms/1.0; help@moz.com)"
208.115.111.72 - - [28/May/2014:16:32:01 -0500] "GET /files/blogposts/20080611/ HTTP/1.1" 200 1175 "-" "Mozilla/5.0 (compatible; Ezooms/1.0; help@moz.com)"
208.115.111.72 - - [28/May/2014:16:32:01 -0500] "GET /files/logstash/?C=D;O=D HTTP/1.1" 200 13316 "-" "Mozilla/5.0 (compatible; Ezooms/1.0; help@moz.com)"
208.115.111.72 - - [28/May/2014:16:32:04 -0500] "GET /presentations/hackday06/ HTTP/1.1" 200 6719 "-" "Mozilla/5.0 (compatible; Ezooms/1.0; help@moz.com)"
208.115.111.72 - - [28/May/2014:16:32:05 -0500] "GET /scripts/grok-py-test/ HTTP/1.1" 200 2362 "-" "Mozilla/5.0 (compatible; Ezooms/1.0; help@moz.com)"
208.115.111.72 - - [28/May/2014:16:32:06 -0500] "GET /?N=A&page=21 HTTP/1.1" 200 33514 "-" "Mozilla/5.0 (compatible; Ezooms/1.0; help@moz.com)"
208.115.111.72 - - [28/May/2014:16:32:09 -0500] "GET /blog/geekery/oniguruma-named-capture-example.html?commentlimit=0 HTTP/1.1" 200 9208 "-" "Mozilla/5.0 (compatible; Ezooms/1.0; help@moz.com)"
208.115.111.72 - - [28/May/2014:16:32:11 -0500] "GET /blog/geekery/ssh-key-invalid-hack.html?commentlimit=0 HTTP/1.1" 200 9335 "-" "Mozilla/5.0 (compatible; Ezooms/1.0; help@moz.com)"
208.115.111.72 - - [28/May/2014:16:32:12 -0500] "GET /blog/geekery/server-side-javascript.html HTTP/1.1" 200 8587 "-" "Mozilla/5.0 (compatible; Ezooms/1.0; help@moz.com)"
208.115.111.72 - - [28/May/2014:16:32:23 -0500] "GET /blog/geekery/yahoo-hackday-08.html HTTP/1.1" 200 9882 "-" "Mozilla/5.0 (compatible; Ezooms/1.0; help@moz.com)"
105.235.130.196 - - [28/May/2014:16:32:32 -0500] "GET /images/googledotcom.png HTTP/1.1" 200 65748 "-" "Dalvik/1.6.0 (Linux; U; Android 4.1.2; GT-S5282 Build/JZO54K)"
174.37.205.76 - - [28/May/2014:16:32:37 -0500] "GET /blog HTTP/1.1" 200 37936 "-" "Mozilla/5.0 (X11; U; Linux x86_64; en-US; rv:1.9.0.19; aggregator:Spinn3r (Spinn3r 3.1); http://spinn3r.com/robot) Gecko/2010040121 Firefox/3.0.19"
54.255.13.204 - - [28/May/2014:16:33:11 -0500] "GET /articles/ssh-security/ HTTP/1.1" 200 16543 "http://www.google.com/url?sa=t&rct=j&q=&esrc=s&source=web&cd=1&sqi=2&ved=0CCQQFjAA&url=http%3A%2F%2Fwww.semicomplete.com%2Farticles%2Fssh-security%2F&ei=vdMAU8LgLcPorQfR9oHwDQ&usg=AFQjCNHWyA_svkWgk70ovEbZidQhlAC84w&bvm=bv.61535280,d.bmk&cad=rja" "Mozilla/5.0 (Macintosh; Intel Mac OS X 10.8; rv:27.0) Gecko/20100101 Firefox/27.0"
105.235.130.196 - - [28/May/2014:16:33:09 -0500] "GET /blog/tags/X11 HTTP/1.1" 200 32742 "-" "Mozilla/5.0 (Linux; Android 4.1.2; GT-S5282 Build/JZO54K) AppleWebKit/537.31 (KHTML, like Gecko) Chrome/26.0.1410.58 Mobile Safari/537.31"
54.255.13.204 - - [28/May/2014:16:33:12 -0500] "GET /reset.css HTTP/1.1" 200 1015 "http://www.semicomplete.com/articles/ssh-security/" "Mozilla/5.0 (Macintosh; Intel Mac OS X 10.8; rv:27.0) Gecko/20100101 Firefox/27.0"
54.255.13.204 - - [28/May/2014:16:33:12 -0500] "GET /style2.css HTTP/1.1" 200 4877 "http://www.semicomplete.com/articles/ssh-security/" "Mozilla/5.0 (Macintosh; Intel Mac OS X 10.8; rv:27.0) Gecko/20100101 Firefox/27.0"
54.255.13.204 - - [28/May/2014:16:33:12 -0500] "GET /favicon.ico HTTP/1.1" 200 3638 "-" "Mozilla/5.0 (Macintosh; Intel Mac OS X 10.8; rv:27.0) Gecko/20100101 Firefox/27.0"
105.235.130.196 - - [28/May/2014:16:33:13 -0500] "GET /reset.css HTTP/1.1" 200 1015 "http://www.semicomplete.com/blog/tags/X11" "Mozilla/5.0 (Linux; Android 4.1.2; GT-S5282 Build/JZO54K) AppleWebKit/537.31 (KHTML, like Gecko) Chrome/26.0.1410.58 Mobile Safari/537.31"
54.255.13.204 - - [28/May/2014:16:33:13 -0500] "GET /images/jordan-80.png HTTP/1.1" 200 6146 "http://www.semicomplete.com/articles/ssh-security/" "Mozilla/5.0 (Macintosh; Intel Mac OS X 10.8; rv:27.0) Gecko/20100101 Firefox/27.0"
54.255.13.204 - - [28/May/2014:16:33:13 -0500] "GET /images/web/2009/banner.png HTTP/1.1" 200 52315 "http://www.semicomplete.com/style2.css" "Mozilla/5.0 (Macintosh; Intel Mac OS X 10.8; rv:27.0) Gecko/20100101 Firefox/27.0"
105.235.130.196 - - [28/May/2014:16:33:15 -0500] "GET /style2.css HTTP/1.1" 200 4877 "http://www.semicomplete.com/blog/tags/X11" "Mozilla/5.0 (Linux; Android 4.1.2; GT-S5282 Build/JZO54K) AppleWebKit/537.31 (KHTML, like Gecko) Chrome/26.0.1410.58 Mobile Safari/537.31"
105.235.130.196 - - [28/May/2014:16:33:15 -0500] "GET /images/jordan-80.png HTTP/1.1" 200 6146 "http://www.semicomplete.com/blog/tags/X11" "Mozilla/5.0 (Linux; Android 4.1.2; GT-S5282 Build/JZO54K) AppleWebKit/537.31 (KHTML, like Gecko) Chrome/26.0.1410.58 Mobile Safari/537.31"
105.235.130.196 - - [28/May/2014:16:33:19 -0500] "GET /images/web/2009/banner.png HTTP/1.1" 200 52315 "http://www.semicomplete.com/blog/tags/X11" "Mozilla/5.0 (Linux; Android 4.1.2; GT-S5282 Build/JZO54K) AppleWebKit/537.31 (KHTML, like Gecko) Chrome/26.0.1410.58 Mobile Safari/537.31"
134.76.249.10 - - [28/May/2014:16:33:24 -0500] "GET /projects/xdotool/ HTTP/1.1" 200 12292 "http://www.google.de/url?sa=t&rct=j&q=&esrc=s&source=web&cd=3&ved=0CDwQFjAC&url=http%3A%2F%2Fwww.semicomplete.com%2Fprojects%2Fxdotool%2F&ei=zNMAU5qaEcantAbD3YHIAQ&usg=AFQjCNE3V_aCf3-gfNcbS924S6jZ6FqffA&bvm=bv.61535280,d.Yms&cad=rja" "Mozilla/5.0 (X11; Linux x86_64; rv:26.0) Gecko/20100101 Firefox/26.0"
134.76.249.10 - - [28/May/2014:16:33:24 -0500] "GET /reset.css HTTP/1.1" 200 1015 "http://www.semicomplete.com/projects/xdotool/" "Mozilla/5.0 (X11; Linux x86_64; rv:26.0) Gecko/20100101 Firefox/26.0"
134.76.249.10 - - [28/May/2014:16:33:25 -0500] "GET /style2.css HTTP/1.1" 200 4877 "http://www.semicomplete.com/projects/xdotool/" "Mozilla/5.0 (X11; Linux x86_64; rv:26.0) Gecko/20100101 Firefox/26.0"
134.76.249.10 - - [28/May/2014:16:33:25 -0500] "GET /favicon.ico HTTP/1.1" 200 3638 "-" "Mozilla/5.0 (X11; Linux x86_64; rv:26.0) Gecko/20100101 Firefox/26.0"
134.76.249.10 - - [28/May/2014:16:33:25 -0500] "GET /images/jordan-80.png HTTP/1.1" 200 6146 "http://www.semicomplete.com/projects/xdotool/" "Mozilla/5.0 (X11; Linux x86_64; rv:26.0) Gecko/20100101 Firefox/26.0"
134.76.249.10 - - [28/May/2014:16:33:25 -0500] "GET /images/web/2009/banner.png HTTP/1.1" 200 52315 "http://www.semicomplete.com/style2.css" "Mozilla/5.0 (X11; Linux x86_64; rv:26.0) Gecko/20100101 Firefox/26.0"
134.76.249.10 - - [28/May/2014:16:33:50 -0500] "GET /projects/xdotool HTTP/1.1" 301 339 "http://tuxradar.com/content/xdotool-script-your-mouse" "Mozilla/5.0 (X11; Linux x86_64; rv:26.0) Gecko/20100101 Firefox/26.0"
